And <none> "and"
Break <none> "break"
Class <none> "class"
Continue <none> "continue"
Else <none> "else"
False false "false"
Fn <none> "fn"
For <none> "for"
If <none> "if"
In <none> "in"
Nil <none> "nil"
Or <none> "or"
Return <none> "return"
Super <none> "super"
This <none> "this"
True true "true"
Var <none> "var"
While <none> "while"
