LeftParen <none> "("
RightParen <none> ")"
LeftBrace <none> "{"
RightBrace <none> "}"
Comma <none> ","
Dot <none> "."
Minus <none> "-"
Plus <none> "+"
Semicolon <none> ";"
Star <none> "*"
Slash <none> "/"
Percent <none> "%"
