LeftBrace <none> "{"
LeftParen <none> "("
RightParen <none> ")"
RightBrace <none> "}"
