error: unterminated string
 --> $DIR/string-is-not-terminated.lox:1:1
  |
1 | "unterminated string
  | ^^^^^^^^^^^^^^^^^^^^^
