(program
  (while
    true
    (block
      (continue)))
  (for
    ch
    "foo"
    (block
      (continue))))
