(program
  (-
    (group
      (*
        (group
          (+
            5
            7))
        9))))
